// Jest Snapshot v1, https://goo.gl/fbAQLP

exports[`should render AddArticle correctly 1`] = `
<div>
  <h2>
    Creating Article
  </h2>
  <ArticleForm
    onSubmit={[Function]}
  />
</div>
`;
