// Jest Snapshot v1, https://goo.gl/fbAQLP

exports[`should render ArticleList correctly 1`] = `
<div>
  <ol>
    <ArticleListItem
      comments={
        Array [
          Object {
            "comment": "Something to test?",
            "createdAt": "1.1.1970",
            "id": "1a",
          },
        ]
      }
      createdAt="1.1.1970"
      id="1"
      key="1"
      likes={
        Array [
          "someId",
        ]
      }
      text="Political info"
      title="Breaking news"
    />
    <ArticleListItem
      comments={Array []}
      createdAt="28.12.1969"
      id="2"
      key="2"
      likes={Array []}
      text="Are going to conqver world"
      title="New graphene chips"
    />
    <ArticleListItem
      comments={Array []}
      createdAt="5.1.1970"
      id="3"
      key="3"
      likes={Array []}
      text="Hydrogen powered ship is going to sail"
      title="Hydrogen revolution?"
    />
  </ol>
</div>
`;
