// Jest Snapshot v1, https://goo.gl/fbAQLP

exports[`should render Header correctly 1`] = `
<div>
  <h1>
    PostIt!
  </h1>
</div>
`;
