// Jest Snapshot v1, https://goo.gl/fbAQLP

exports[`should redner LoggedIn correctly 1`] = `
<div>
  <h3>
    Logged In As:
  </h3>
  <p>
    Mark
  </p>
  <Link
    replace={false}
    to="/create"
  >
    <button>
      Create Article
    </button>
  </Link>
  <button
    onClick={[Function]}
  >
    See All Articles
  </button>
  <button
    onClick={[Function]}
  >
    Logout
  </button>
</div>
`;
