// Jest Snapshot v1, https://goo.gl/fbAQLP

exports[`should render MainPage correctly 1`] = `
<div>
  <Link
    replace={false}
    to="/"
  >
    <h1>
      PostIt!
    </h1>
  </Link>
</div>
`;
